---
source: tests/repository/users.rs
assertion_line: 63
expression: result
---
Ok(
    Some(
        UserModel {
            id: e761d8e3-fc3e-4a2e-a6c9-7c7a4f2130e8,
            email: "jane.smith@globex.com",
            username: "jane_smith",
            password_hash: "$argon2d$v=19$m=12,t=3,p=1$cmk2anZmdmQ4eTAwMDAwMA$twYxAHf+ipQw84lCBUVK+w",
            image: None,
            verified_at: None,
            verification_token: "e761d8e3-fc3e-4a2e-a6c9-7c7a4f2130e8",
            reset_token: None,
            reset_token_sent_at: None,
            created_at: 2024-12-20T11:45:00+00:00,
            updated_at: 2024-12-21T09:15:00+00:00,
        },
    ),
)
